** Drc report for keeb.kicad_pcb **
** Created on 2026-07-04T16:49:41 **
** Report includes: Errors, Warnings **

** Found 232 DRC violations **
[shorting_items]: Items shorting two nets (nets /COL12 and Net-(D60-A))
    Local override; error
    @(305.1888 mm, 119.0900 mm): Track [/COL12] on F.Cu, length 6.9660 mm
    @(305.1888 mm, 119.0900 mm): PTH pad 1 [Net-(D60-A)] of SW60
[shorting_items]: Items shorting two nets (nets Net-(D60-A) and /COL12)
    Local override; error
    @(311.5387 mm, 116.5500 mm): Track [Net-(D60-A)] on F.Cu, length 1.0800 mm
    @(311.5387 mm, 116.5500 mm): PTH pad 2 [/COL12] of SW60
[shorting_items]: Items shorting two nets (nets Net-(D60-A) and /COL12)
    Local override; error
    @(312.6187 mm, 116.5500 mm): Track [Net-(D60-A)] on F.Cu, length 2.0648 mm
    @(311.5387 mm, 116.5500 mm): PTH pad 2 [/COL12] of SW60
[pth_inside_courtyard]: PTH inside courtyard
    Local override; error
    @(80.7163 mm, 106.5800 mm): PTH pad 1 [/ROW2] of D34
    @(75.6363 mm, 102.5800 mm): Footprint SW34
[pth_inside_courtyard]: PTH inside courtyard
    Local override; error
    @(80.7163 mm, 98.9600 mm): PTH pad 2 [Net-(D34-A)] of D34
    @(75.6363 mm, 102.5800 mm): Footprint SW34
[npth_inside_courtyard]: NPTH inside courtyard
    Local override; error
    @(80.7163 mm, 102.5800 mm): NPTH pad of SW34
    @(80.7163 mm, 106.5800 mm): Footprint D34
[pth_inside_courtyard]: PTH inside courtyard
    Local override; error
    @(111.6725 mm, 68.4800 mm): PTH pad 1 [/ROW0] of D4
    @(106.5925 mm, 64.4800 mm): Footprint SW4
[pth_inside_courtyard]: PTH inside courtyard
    Local override; error
    @(111.6725 mm, 60.8600 mm): PTH pad 2 [Net-(D4-A)] of D4
    @(106.5925 mm, 64.4800 mm): Footprint SW4
[npth_inside_courtyard]: NPTH inside courtyard
    Local override; error
    @(111.6725 mm, 64.4800 mm): NPTH pad of SW4
    @(111.6725 mm, 68.4800 mm): Footprint D4
[npth_inside_courtyard]: NPTH inside courtyard
    Local override; error
    @(335.5100 mm, 83.5300 mm): NPTH pad of SW31
    @(335.5100 mm, 87.5300 mm): Footprint D31
[pth_inside_courtyard]: PTH inside courtyard
    Local override; error
    @(335.5100 mm, 87.5300 mm): PTH pad 1 [/ROW1] of D31
    @(330.4300 mm, 83.5300 mm): Footprint SW31
[pth_inside_courtyard]: PTH inside courtyard
    Local override; error
    @(335.5100 mm, 79.9100 mm): PTH pad 2 [Net-(D31-A)] of D31
    @(330.4300 mm, 83.5300 mm): Footprint SW31
[pth_inside_courtyard]: PTH inside courtyard
    Local override; error
    @(178.3475 mm, 87.5300 mm): PTH pad 1 [/ROW1] of D23
    @(173.2675 mm, 83.5300 mm): Footprint SW23
[pth_inside_courtyard]: PTH inside courtyard
    Local override; error
    @(178.3475 mm, 79.9100 mm): PTH pad 2 [Net-(D23-A)] of D23
    @(173.2675 mm, 83.5300 mm): Footprint SW23
[npth_inside_courtyard]: NPTH inside courtyard
    Local override; error
    @(178.3475 mm, 83.5300 mm): NPTH pad of SW23
    @(178.3475 mm, 87.5300 mm): Footprint D23
[pth_inside_courtyard]: PTH inside courtyard
    Local override; error
    @(123.5787 mm, 144.6800 mm): PTH pad 1 [/ROW4] of D66
    @(118.4988 mm, 140.6800 mm): Footprint SW66
[pth_inside_courtyard]: PTH inside courtyard
    Local override; error
    @(123.5787 mm, 137.0600 mm): PTH pad 2 [Net-(D66-A)] of D66
    @(118.4988 mm, 140.6800 mm): Footprint SW66
[npth_inside_courtyard]: NPTH inside courtyard
    Local override; error
    @(123.5787 mm, 140.6800 mm): NPTH pad of SW66
    @(123.5787 mm, 144.6800 mm): Footprint D66
[npth_inside_courtyard]: NPTH inside courtyard
    Local override; error
    @(264.0725 mm, 64.4800 mm): NPTH pad of SW12
    @(264.0725 mm, 68.4800 mm): Footprint D12
[pth_inside_courtyard]: PTH inside courtyard
    Local override; error
    @(264.0725 mm, 68.4800 mm): PTH pad 1 [/ROW0] of D12
    @(258.9925 mm, 64.4800 mm): Footprint SW12
[pth_inside_courtyard]: PTH inside courtyard
    Local override; error
    @(264.0725 mm, 60.8600 mm): PTH pad 2 [Net-(D12-A)] of D12
    @(258.9925 mm, 64.4800 mm): Footprint SW12
[pth_inside_courtyard]: PTH inside courtyard
    Local override; error
    @(140.2475 mm, 87.5300 mm): PTH pad 1 [/ROW1] of D21
    @(135.1675 mm, 83.5300 mm): Footprint SW21
[pth_inside_courtyard]: PTH inside courtyard
    Local override; error
    @(140.2475 mm, 79.9100 mm): PTH pad 2 [Net-(D21-A)] of D21
    @(135.1675 mm, 83.5300 mm): Footprint SW21
[npth_inside_courtyard]: NPTH inside courtyard
    Local override; error
    @(140.2475 mm, 83.5300 mm): NPTH pad of SW21
    @(140.2475 mm, 87.5300 mm): Footprint D21
[pth_inside_courtyard]: PTH inside courtyard
    Local override; error
    @(49.7600 mm, 125.6300 mm): PTH pad 1 [/ROW3] of D48
    @(44.6800 mm, 121.6300 mm): Footprint SW48
[pth_inside_courtyard]: PTH inside courtyard
    Local override; error
    @(49.7600 mm, 118.0100 mm): PTH pad 2 [Net-(D48-A)] of D48
    @(44.6800 mm, 121.6300 mm): Footprint SW48
[npth_inside_courtyard]: NPTH inside courtyard
    Local override; error
    @(49.7600 mm, 121.6300 mm): NPTH pad of SW48
    @(49.7600 mm, 125.6300 mm): Footprint D48
[npth_inside_courtyard]: NPTH inside courtyard
    Local override; error
    @(273.5975 mm, 83.5300 mm): NPTH pad of SW28
    @(273.5975 mm, 87.5300 mm): Footprint D28
[pth_inside_courtyard]: PTH inside courtyard
    Local override; error
    @(273.5975 mm, 87.5300 mm): PTH pad 1 [/ROW1] of D28
    @(268.5175 mm, 83.5300 mm): Footprint SW28
[pth_inside_courtyard]: PTH inside courtyard
    Local override; error
    @(273.5975 mm, 79.9100 mm): PTH pad 2 [Net-(D28-A)] of D28
    @(268.5175 mm, 83.5300 mm): Footprint SW28
[npth_inside_courtyard]: NPTH inside courtyard
    Local override; error
    @(173.5850 mm, 121.6300 mm): NPTH pad of SW53
    @(173.5850 mm, 125.6300 mm): Footprint D53
[pth_inside_courtyard]: PTH inside courtyard
    Local override; error
    @(173.5850 mm, 125.6300 mm): PTH pad 1 [/ROW3] of D53
    @(168.5050 mm, 121.6300 mm): Footprint SW53
[pth_inside_courtyard]: PTH inside courtyard
    Local override; error
    @(173.5850 mm, 118.0100 mm): PTH pad 2 [Net-(D53-A)] of D53
    @(168.5050 mm, 121.6300 mm): Footprint SW53
[pth_inside_courtyard]: PTH inside courtyard
    Local override; error
    @(221.2100 mm, 106.5800 mm): PTH pad 1 [/ROW2] of D41
    @(216.1300 mm, 102.5800 mm): Footprint SW41
[pth_inside_courtyard]: PTH inside courtyard
    Local override; error
    @(221.2100 mm, 98.9600 mm): PTH pad 2 [Net-(D41-A)] of D41
    @(216.1300 mm, 102.5800 mm): Footprint SW41
[npth_inside_courtyard]: NPTH inside courtyard
    Local override; error
    @(221.2100 mm, 102.5800 mm): NPTH pad of SW41
    @(221.2100 mm, 106.5800 mm): Footprint D41
[pth_inside_courtyard]: PTH inside courtyard
    Local override; error
    @(359.3225 mm, 125.6300 mm): PTH pad 1 [/ROW3] of D62
    @(354.2425 mm, 121.6300 mm): Footprint SW62
[pth_inside_courtyard]: PTH inside courtyard
    Local override; error
    @(359.3225 mm, 118.0100 mm): PTH pad 2 [Net-(D62-A)] of D62
    @(354.2425 mm, 121.6300 mm): Footprint SW62
[npth_inside_courtyard]: NPTH inside courtyard
    Local override; error
    @(359.3225 mm, 121.6300 mm): NPTH pad of SW62
    @(359.3225 mm, 125.6300 mm): Footprint D62
[npth_inside_courtyard]: NPTH inside courtyard
    Local override; error
    @(125.9600 mm, 102.5800 mm): NPTH pad of SW36
    @(125.9600 mm, 106.5800 mm): Footprint D36
[pth_inside_courtyard]: PTH inside courtyard
    Local override; error
    @(125.9600 mm, 106.5800 mm): PTH pad 1 [/ROW2] of D36
    @(120.8800 mm, 102.5800 mm): Footprint SW36
[pth_inside_courtyard]: PTH inside courtyard
    Local override; error
    @(125.9600 mm, 98.9600 mm): PTH pad 2 [Net-(D36-A)] of D36
    @(120.8800 mm, 102.5800 mm): Footprint SW36
[npth_inside_courtyard]: NPTH inside courtyard
    Local override; error
    @(321.2225 mm, 140.6800 mm): NPTH pad of SW71
    @(321.2225 mm, 144.6800 mm): Footprint D71
[pth_inside_courtyard]: PTH inside courtyard
    Local override; error
    @(321.2225 mm, 144.6800 mm): PTH pad 1 [/ROW4] of D71
    @(316.1425 mm, 140.6800 mm): Footprint SW71
[pth_inside_courtyard]: PTH inside courtyard
    Local override; error
    @(321.2225 mm, 137.0600 mm): PTH pad 2 [Net-(D71-A)] of D71
    @(316.1425 mm, 140.6800 mm): Footprint SW71
[pth_inside_courtyard]: PTH inside courtyard
    Local override; error
    @(49.7600 mm, 144.6800 mm): PTH pad 1 [/ROW4] of D63
    @(44.6800 mm, 140.6800 mm): Footprint SW63
[pth_inside_courtyard]: PTH inside courtyard
    Local override; error
    @(49.7600 mm, 137.0600 mm): PTH pad 2 [Net-(D63-A)] of D63
    @(44.6800 mm, 140.6800 mm): Footprint SW63
[npth_inside_courtyard]: NPTH inside courtyard
    Local override; error
    @(49.7600 mm, 140.6800 mm): NPTH pad of SW63
    @(49.7600 mm, 144.6800 mm): Footprint D63
[pth_inside_courtyard]: PTH inside courtyard
    Local override; error
    @(130.7225 mm, 68.4800 mm): PTH pad 1 [/ROW0] of D5
    @(125.6425 mm, 64.4800 mm): Footprint SW5
[pth_inside_courtyard]: PTH inside courtyard
    Local override; error
    @(130.7225 mm, 60.8600 mm): PTH pad 2 [Net-(D5-A)] of D5
    @(125.6425 mm, 64.4800 mm): Footprint SW5
[npth_inside_courtyard]: NPTH inside courtyard
    Local override; error
    @(130.7225 mm, 64.4800 mm): NPTH pad of SW5
    @(130.7225 mm, 68.4800 mm): Footprint D5
[npth_inside_courtyard]: NPTH inside courtyard
    Local override; error
    @(249.7850 mm, 121.6300 mm): NPTH pad of SW57
    @(249.7850 mm, 125.6300 mm): Footprint D57
[pth_inside_courtyard]: PTH inside courtyard
    Local override; error
    @(249.7850 mm, 125.6300 mm): PTH pad 1 [/ROW3] of D57
    @(244.7050 mm, 121.6300 mm): Footprint SW57
[pth_inside_courtyard]: PTH inside courtyard
    Local override; error
    @(249.7850 mm, 118.0100 mm): PTH pad 2 [Net-(D57-A)] of D57
    @(244.7050 mm, 121.6300 mm): Footprint SW57
[npth_inside_courtyard]: NPTH inside courtyard
    Local override; error
    @(264.0725 mm, 140.6800 mm): NPTH pad of SW68
    @(264.0725 mm, 144.6800 mm): Footprint D68
[pth_inside_courtyard]: PTH inside courtyard
    Local override; error
    @(264.0725 mm, 144.6800 mm): PTH pad 1 [/ROW4] of D68
    @(258.9925 mm, 140.6800 mm): Footprint SW68
[pth_inside_courtyard]: PTH inside courtyard
    Local override; error
    @(264.0725 mm, 137.0600 mm): PTH pad 2 [Net-(D68-A)] of D68
    @(258.9925 mm, 140.6800 mm): Footprint SW68
[npth_inside_courtyard]: NPTH inside courtyard
    Local override; error
    @(259.3100 mm, 102.5800 mm): NPTH pad of SW43
    @(259.3100 mm, 106.5800 mm): Footprint D43
[pth_inside_courtyard]: PTH inside courtyard
    Local override; error
    @(259.3100 mm, 106.5800 mm): PTH pad 1 [/ROW2] of D43
    @(254.2300 mm, 102.5800 mm): Footprint SW43
[pth_inside_courtyard]: PTH inside courtyard
    Local override; error
    @(259.3100 mm, 98.9600 mm): PTH pad 2 [Net-(D43-A)] of D43
    @(254.2300 mm, 102.5800 mm): Footprint SW43
[npth_inside_courtyard]: NPTH inside courtyard
    Local override; error
    @(85.4788 mm, 121.6300 mm): NPTH pad of SW49
    @(85.4788 mm, 125.6300 mm): Footprint D49
[pth_inside_courtyard]: PTH inside courtyard
    Local override; error
    @(85.4788 mm, 125.6300 mm): PTH pad 1 [/ROW3] of D49
    @(80.3988 mm, 121.6300 mm): Footprint SW49
[pth_inside_courtyard]: PTH inside courtyard
    Local override; error
    @(85.4788 mm, 118.0100 mm): PTH pad 2 [Net-(D49-A)] of D49
    @(80.3988 mm, 121.6300 mm): Footprint SW49
[pth_inside_courtyard]: PTH inside courtyard
    Local override; error
    @(149.7725 mm, 68.4800 mm): PTH pad 1 [/ROW0] of D6
    @(144.6925 mm, 64.4800 mm): Footprint SW6
[pth_inside_courtyard]: PTH inside courtyard
    Local override; error
    @(149.7725 mm, 60.8600 mm): PTH pad 2 [Net-(D6-A)] of D6
    @(144.6925 mm, 64.4800 mm): Footprint SW6
[npth_inside_courtyard]: NPTH inside courtyard
    Local override; error
    @(149.7725 mm, 64.4800 mm): NPTH pad of SW6
    @(149.7725 mm, 68.4800 mm): Footprint D6
[pth_inside_courtyard]: PTH inside courtyard
    Local override; error
    @(235.4975 mm, 87.5300 mm): PTH pad 1 [/ROW1] of D26
    @(230.4175 mm, 83.5300 mm): Footprint SW26
[pth_inside_courtyard]: PTH inside courtyard
    Local override; error
    @(235.4975 mm, 79.9100 mm): PTH pad 2 [Net-(D26-A)] of D26
    @(230.4175 mm, 83.5300 mm): Footprint SW26
[npth_inside_courtyard]: NPTH inside courtyard
    Local override; error
    @(235.4975 mm, 83.5300 mm): NPTH pad of SW26
    @(235.4975 mm, 87.5300 mm): Footprint D26
[npth_inside_courtyard]: NPTH inside courtyard
    Local override; error
    @(240.2600 mm, 102.5800 mm): NPTH pad of SW42
    @(240.2600 mm, 106.5800 mm): Footprint D42
[pth_inside_courtyard]: PTH inside courtyard
    Local override; error
    @(240.2600 mm, 106.5800 mm): PTH pad 1 [/ROW2] of D42
    @(235.1800 mm, 102.5800 mm): Footprint SW42
[pth_inside_courtyard]: PTH inside courtyard
    Local override; error
    @(240.2600 mm, 98.9600 mm): PTH pad 2 [Net-(D42-A)] of D42
    @(235.1800 mm, 102.5800 mm): Footprint SW42
[npth_inside_courtyard]: NPTH inside courtyard
    Local override; error
    @(99.7662 mm, 140.6800 mm): NPTH pad of SW65
    @(99.7662 mm, 144.6800 mm): Footprint D65
[pth_inside_courtyard]: PTH inside courtyard
    Local override; error
    @(99.7662 mm, 144.6800 mm): PTH pad 1 [/ROW4] of D65
    @(94.6863 mm, 140.6800 mm): Footprint SW65
[pth_inside_courtyard]: PTH inside courtyard
    Local override; error
    @(99.7662 mm, 137.0600 mm): PTH pad 2 [Net-(D65-A)] of D65
    @(94.6863 mm, 140.6800 mm): Footprint SW65
[npth_inside_courtyard]: NPTH inside courtyard
    Local override; error
    @(283.1225 mm, 140.6800 mm): NPTH pad of SW69
    @(283.1225 mm, 144.6800 mm): Footprint D69
[pth_inside_courtyard]: PTH inside courtyard
    Local override; error
    @(283.1225 mm, 144.6800 mm): PTH pad 1 [/ROW4] of D69
    @(278.0425 mm, 140.6800 mm): Footprint SW69
[pth_inside_courtyard]: PTH inside courtyard
    Local override; error
    @(283.1225 mm, 137.0600 mm): PTH pad 2 [Net-(D69-A)] of D69
    @(278.0425 mm, 140.6800 mm): Footprint SW69
[pth_inside_courtyard]: PTH inside courtyard
    Local override; error
    @(283.1225 mm, 68.4800 mm): PTH pad 1 [/ROW0] of D13
    @(278.0425 mm, 64.4800 mm): Footprint SW13
[pth_inside_courtyard]: PTH inside courtyard
    Local override; error
    @(283.1225 mm, 60.8600 mm): PTH pad 2 [Net-(D13-A)] of D13
    @(278.0425 mm, 64.4800 mm): Footprint SW13
[npth_inside_courtyard]: NPTH inside courtyard
    Local override; error
    @(283.1225 mm, 64.4800 mm): NPTH pad of SW13
    @(283.1225 mm, 68.4800 mm): Footprint D13
[npth_inside_courtyard]: NPTH inside courtyard
    Local override; error
    @(254.5475 mm, 83.5300 mm): NPTH pad of SW27
    @(254.5475 mm, 87.5300 mm): Footprint D27
[pth_inside_courtyard]: PTH inside courtyard
    Local override; error
    @(254.5475 mm, 87.5300 mm): PTH pad 1 [/ROW1] of D27
    @(249.4675 mm, 83.5300 mm): Footprint SW27
[pth_inside_courtyard]: PTH inside courtyard
    Local override; error
    @(254.5475 mm, 79.9100 mm): PTH pad 2 [Net-(D27-A)] of D27
    @(249.4675 mm, 83.5300 mm): Footprint SW27
[pth_inside_courtyard]: PTH inside courtyard
    Local override; error
    @(116.4350 mm, 125.6300 mm): PTH pad 1 [/ROW3] of D50
    @(111.3550 mm, 121.6300 mm): Footprint SW50
[pth_inside_courtyard]: PTH inside courtyard
    Local override; error
    @(116.4350 mm, 118.0100 mm): PTH pad 2 [Net-(D50-A)] of D50
    @(111.3550 mm, 121.6300 mm): Footprint SW50
[npth_inside_courtyard]: NPTH inside courtyard
    Local override; error
    @(116.4350 mm, 121.6300 mm): NPTH pad of SW50
    @(116.4350 mm, 125.6300 mm): Footprint D50
[npth_inside_courtyard]: NPTH inside courtyard
    Local override; error
    @(206.9225 mm, 64.4800 mm): NPTH pad of SW9
    @(206.9225 mm, 68.4800 mm): Footprint D9
[pth_inside_courtyard]: PTH inside courtyard
    Local override; error
    @(206.9225 mm, 68.4800 mm): PTH pad 1 [/ROW0] of D9
    @(201.8425 mm, 64.4800 mm): Footprint SW9
[pth_inside_courtyard]: PTH inside courtyard
    Local override; error
    @(206.9225 mm, 60.8600 mm): PTH pad 2 [Net-(D9-A)] of D9
    @(201.8425 mm, 64.4800 mm): Footprint SW9
[npth_inside_courtyard]: NPTH inside courtyard
    Local override; error
    @(135.4850 mm, 121.6300 mm): NPTH pad of SW51
    @(135.4850 mm, 125.6300 mm): Footprint D51
[pth_inside_courtyard]: PTH inside courtyard
    Local override; error
    @(135.4850 mm, 125.6300 mm): PTH pad 1 [/ROW3] of D51
    @(130.4050 mm, 121.6300 mm): Footprint SW51
[pth_inside_courtyard]: PTH inside courtyard
    Local override; error
    @(135.4850 mm, 118.0100 mm): PTH pad 2 [Net-(D51-A)] of D51
    @(130.4050 mm, 121.6300 mm): Footprint SW51
[pth_inside_courtyard]: PTH inside courtyard
    Local override; error
    @(73.5725 mm, 68.4800 mm): PTH pad 1 [/ROW0] of D2
    @(68.4925 mm, 64.4800 mm): Footprint SW2
[pth_inside_courtyard]: PTH inside courtyard
    Local override; error
    @(73.5725 mm, 60.8600 mm): PTH pad 2 [Net-(D2-A)] of D2
    @(68.4925 mm, 64.4800 mm): Footprint SW2
[npth_inside_courtyard]: NPTH inside courtyard
    Local override; error
    @(73.5725 mm, 64.4800 mm): NPTH pad of SW2
    @(73.5725 mm, 68.4800 mm): Footprint D2
[pth_inside_courtyard]: PTH inside courtyard
    Local override; error
    @(216.4475 mm, 87.5300 mm): PTH pad 1 [/ROW1] of D25
    @(211.3675 mm, 83.5300 mm): Footprint SW25
[pth_inside_courtyard]: PTH inside courtyard
    Local override; error
    @(216.4475 mm, 79.9100 mm): PTH pad 2 [Net-(D25-A)] of D25
    @(211.3675 mm, 83.5300 mm): Footprint SW25
[npth_inside_courtyard]: NPTH inside courtyard
    Local override; error
    @(216.4475 mm, 83.5300 mm): NPTH pad of SW25
    @(216.4475 mm, 87.5300 mm): Footprint D25
[npth_inside_courtyard]: NPTH inside courtyard
    Local override; error
    @(92.6225 mm, 64.4800 mm): NPTH pad of SW3
    @(92.6225 mm, 68.4800 mm): Footprint D3
[pth_inside_courtyard]: PTH inside courtyard
    Local override; error
    @(92.6225 mm, 68.4800 mm): PTH pad 1 [/ROW0] of D3
    @(87.5425 mm, 64.4800 mm): Footprint SW3
[pth_inside_courtyard]: PTH inside courtyard
    Local override; error
    @(92.6225 mm, 60.8600 mm): PTH pad 2 [Net-(D3-A)] of D3
    @(87.5425 mm, 64.4800 mm): Footprint SW3
[pth_inside_courtyard]: PTH inside courtyard
    Local override; error
    @(192.6350 mm, 125.6300 mm): PTH pad 1 [/ROW3] of D54
    @(187.5550 mm, 121.6300 mm): Footprint SW54
[pth_inside_courtyard]: PTH inside courtyard
    Local override; error
    @(192.6350 mm, 118.0100 mm): PTH pad 2 [Net-(D54-A)] of D54
    @(187.5550 mm, 121.6300 mm): Footprint SW54
[npth_inside_courtyard]: NPTH inside courtyard
    Local override; error
    @(192.6350 mm, 121.6300 mm): NPTH pad of SW54
    @(192.6350 mm, 125.6300 mm): Footprint D54
[npth_inside_courtyard]: NPTH inside courtyard
    Local override; error
    @(211.6850 mm, 121.6300 mm): NPTH pad of SW55
    @(211.6850 mm, 125.6300 mm): Footprint D55
[pth_inside_courtyard]: PTH inside courtyard
    Local override; error
    @(211.6850 mm, 125.6300 mm): PTH pad 1 [/ROW3] of D55
    @(206.6050 mm, 121.6300 mm): Footprint SW55
[pth_inside_courtyard]: PTH inside courtyard
    Local override; error
    @(211.6850 mm, 118.0100 mm): PTH pad 2 [Net-(D55-A)] of D55
    @(206.6050 mm, 121.6300 mm): Footprint SW55
[pth_inside_courtyard]: PTH inside courtyard
    Local override; error
    @(359.3225 mm, 106.5800 mm): PTH pad 1 [/ROW2] of D47
    @(354.2425 mm, 102.5800 mm): Footprint SW47
[pth_inside_courtyard]: PTH inside courtyard
    Local override; error
    @(359.3225 mm, 98.9600 mm): PTH pad 2 [Net-(D47-A)] of D47
    @(354.2425 mm, 102.5800 mm): Footprint SW47
[npth_inside_courtyard]: NPTH inside courtyard
    Local override; error
    @(359.3225 mm, 102.5800 mm): NPTH pad of SW47
    @(359.3225 mm, 106.5800 mm): Footprint D47
[npth_inside_courtyard]: NPTH inside courtyard
    Local override; error
    @(106.9100 mm, 102.5800 mm): NPTH pad of SW35
    @(106.9100 mm, 106.5800 mm): Footprint D35
[pth_inside_courtyard]: PTH inside courtyard
    Local override; error
    @(106.9100 mm, 106.5800 mm): PTH pad 1 [/ROW2] of D35
    @(101.8300 mm, 102.5800 mm): Footprint SW35
[pth_inside_courtyard]: PTH inside courtyard
    Local override; error
    @(106.9100 mm, 98.9600 mm): PTH pad 2 [Net-(D35-A)] of D35
    @(101.8300 mm, 102.5800 mm): Footprint SW35
[pth_inside_courtyard]: PTH inside courtyard
    Local override; error
    @(311.6975 mm, 87.5300 mm): PTH pad 1 [/ROW1] of D30
    @(306.6175 mm, 83.5300 mm): Footprint SW30
[pth_inside_courtyard]: PTH inside courtyard
    Local override; error
    @(311.6975 mm, 79.9100 mm): PTH pad 2 [Net-(D30-A)] of D30
    @(306.6175 mm, 83.5300 mm): Footprint SW30
[npth_inside_courtyard]: NPTH inside courtyard
    Local override; error
    @(311.6975 mm, 83.5300 mm): NPTH pad of SW30
    @(311.6975 mm, 87.5300 mm): Footprint D30
[npth_inside_courtyard]: NPTH inside courtyard
    Local override; error
    @(278.3600 mm, 102.5800 mm): NPTH pad of SW44
    @(278.3600 mm, 106.5800 mm): Footprint D44
[pth_inside_courtyard]: PTH inside courtyard
    Local override; error
    @(278.3600 mm, 106.5800 mm): PTH pad 1 [/ROW2] of D44
    @(273.2800 mm, 102.5800 mm): Footprint SW44
[pth_inside_courtyard]: PTH inside courtyard
    Local override; error
    @(278.3600 mm, 98.9600 mm): PTH pad 2 [Net-(D44-A)] of D44
    @(273.2800 mm, 102.5800 mm): Footprint SW44
[npth_inside_courtyard]: NPTH inside courtyard
    Local override; error
    @(230.7350 mm, 121.6300 mm): NPTH pad of SW56
    @(230.7350 mm, 125.6300 mm): Footprint D56
[pth_inside_courtyard]: PTH inside courtyard
    Local override; error
    @(230.7350 mm, 125.6300 mm): PTH pad 1 [/ROW3] of D56
    @(225.6550 mm, 121.6300 mm): Footprint SW56
[pth_inside_courtyard]: PTH inside courtyard
    Local override; error
    @(230.7350 mm, 118.0100 mm): PTH pad 2 [Net-(D56-A)] of D56
    @(225.6550 mm, 121.6300 mm): Footprint SW56
[npth_inside_courtyard]: NPTH inside courtyard
    Local override; error
    @(159.2975 mm, 83.5300 mm): NPTH pad of SW22
    @(159.2975 mm, 87.5300 mm): Footprint D22
[pth_inside_courtyard]: PTH inside courtyard
    Local override; error
    @(159.2975 mm, 87.5300 mm): PTH pad 1 [/ROW1] of D22
    @(154.2175 mm, 83.5300 mm): Footprint SW22
[pth_inside_courtyard]: PTH inside courtyard
    Local override; error
    @(159.2975 mm, 79.9100 mm): PTH pad 2 [Net-(D22-A)] of D22
    @(154.2175 mm, 83.5300 mm): Footprint SW22
[npth_inside_courtyard]: NPTH inside courtyard
    Local override; error
    @(340.2725 mm, 140.6800 mm): NPTH pad of SW72
    @(340.2725 mm, 144.6800 mm): Footprint D72
[pth_inside_courtyard]: PTH inside courtyard
    Local override; error
    @(340.2725 mm, 144.6800 mm): PTH pad 1 [/ROW4] of D72
    @(335.1925 mm, 140.6800 mm): Footprint SW72
[pth_inside_courtyard]: PTH inside courtyard
    Local override; error
    @(340.2725 mm, 137.0600 mm): PTH pad 2 [Net-(D72-A)] of D72
    @(335.1925 mm, 140.6800 mm): Footprint SW72
[npth_inside_courtyard]: NPTH inside courtyard
    Local override; error
    @(330.7475 mm, 64.4800 mm): NPTH pad of SW15
    @(330.7475 mm, 68.4800 mm): Footprint D15
[pth_inside_courtyard]: PTH inside courtyard
    Local override; error
    @(330.7475 mm, 68.4800 mm): PTH pad 1 [/ROW0] of D15
    @(325.6675 mm, 64.4800 mm): Footprint SW15
[pth_inside_courtyard]: PTH inside courtyard
    Local override; error
    @(330.7475 mm, 60.8600 mm): PTH pad 2 [Net-(D15-A)] of D15
    @(325.6675 mm, 64.4800 mm): Footprint SW15
[pth_inside_courtyard]: PTH inside courtyard
    Local override; error
    @(292.6475 mm, 87.5300 mm): PTH pad 1 [/ROW1] of D29
    @(287.5675 mm, 83.5300 mm): Footprint SW29
[pth_inside_courtyard]: PTH inside courtyard
    Local override; error
    @(292.6475 mm, 79.9100 mm): PTH pad 2 [Net-(D29-A)] of D29
    @(287.5675 mm, 83.5300 mm): Footprint SW29
[npth_inside_courtyard]: NPTH inside courtyard
    Local override; error
    @(292.6475 mm, 83.5300 mm): NPTH pad of SW29
    @(292.6475 mm, 87.5300 mm): Footprint D29
[pth_inside_courtyard]: PTH inside courtyard
    Local override; error
    @(145.0100 mm, 106.5800 mm): PTH pad 1 [/ROW2] of D37
    @(139.9300 mm, 102.5800 mm): Footprint SW37
[pth_inside_courtyard]: PTH inside courtyard
    Local override; error
    @(145.0100 mm, 98.9600 mm): PTH pad 2 [Net-(D37-A)] of D37
    @(139.9300 mm, 102.5800 mm): Footprint SW37
[npth_inside_courtyard]: NPTH inside courtyard
    Local override; error
    @(145.0100 mm, 102.5800 mm): NPTH pad of SW37
    @(145.0100 mm, 106.5800 mm): Footprint D37
[npth_inside_courtyard]: NPTH inside courtyard
    Local override; error
    @(314.0788 mm, 121.6300 mm): NPTH pad of SW60
    @(314.0788 mm, 125.6300 mm): Footprint D60
[pth_inside_courtyard]: PTH inside courtyard
    Local override; error
    @(314.0788 mm, 125.6300 mm): PTH pad 1 [/ROW3] of D60
    @(308.9987 mm, 121.6300 mm): Footprint SW60
[pth_inside_courtyard]: PTH inside courtyard
    Local override; error
    @(314.0788 mm, 118.0100 mm): PTH pad 2 [Net-(D60-A)] of D60
    @(308.9987 mm, 121.6300 mm): Footprint SW60
[pth_inside_courtyard]: PTH inside courtyard
    Local override; error
    @(49.7600 mm, 106.5800 mm): PTH pad 1 [/ROW2] of D33
    @(44.6800 mm, 102.5800 mm): Footprint SW33
[pth_inside_courtyard]: PTH inside courtyard
    Local override; error
    @(49.7600 mm, 98.9600 mm): PTH pad 2 [Net-(D33-A)] of D33
    @(44.6800 mm, 102.5800 mm): Footprint SW33
[npth_inside_courtyard]: NPTH inside courtyard
    Local override; error
    @(49.7600 mm, 102.5800 mm): NPTH pad of SW33
    @(49.7600 mm, 106.5800 mm): Footprint D33
[npth_inside_courtyard]: NPTH inside courtyard
    Local override; error
    @(49.7600 mm, 64.4800 mm): NPTH pad of SW1
    @(49.7600 mm, 68.4800 mm): Footprint D1
[pth_inside_courtyard]: PTH inside courtyard
    Local override; error
    @(49.7600 mm, 68.4800 mm): PTH pad 1 [/ROW0] of D1
    @(44.6800 mm, 64.4800 mm): Footprint SW1
[pth_inside_courtyard]: PTH inside courtyard
    Local override; error
    @(49.7600 mm, 60.8600 mm): PTH pad 2 [Net-(D1-A)] of D1
    @(44.6800 mm, 64.4800 mm): Footprint SW1
[pth_inside_courtyard]: PTH inside courtyard
    Local override; error
    @(197.3975 mm, 87.5300 mm): PTH pad 1 [/ROW1] of D24
    @(192.3175 mm, 83.5300 mm): Footprint SW24
[pth_inside_courtyard]: PTH inside courtyard
    Local override; error
    @(197.3975 mm, 79.9100 mm): PTH pad 2 [Net-(D24-A)] of D24
    @(192.3175 mm, 83.5300 mm): Footprint SW24
[npth_inside_courtyard]: NPTH inside courtyard
    Local override; error
    @(197.3975 mm, 83.5300 mm): NPTH pad of SW24
    @(197.3975 mm, 87.5300 mm): Footprint D24
[pth_inside_courtyard]: PTH inside courtyard
    Local override; error
    @(268.8350 mm, 125.6300 mm): PTH pad 1 [/ROW3] of D58
    @(263.7550 mm, 121.6300 mm): Footprint SW58
[pth_inside_courtyard]: PTH inside courtyard
    Local override; error
    @(268.8350 mm, 118.0100 mm): PTH pad 2 [Net-(D58-A)] of D58
    @(263.7550 mm, 121.6300 mm): Footprint SW58
[npth_inside_courtyard]: NPTH inside courtyard
    Local override; error
    @(268.8350 mm, 121.6300 mm): NPTH pad of SW58
    @(268.8350 mm, 125.6300 mm): Footprint D58
[pth_inside_courtyard]: PTH inside courtyard
    Local override; error
    @(121.1975 mm, 87.5300 mm): PTH pad 1 [/ROW1] of D20
    @(116.1175 mm, 83.5300 mm): Footprint SW20
[pth_inside_courtyard]: PTH inside courtyard
    Local override; error
    @(121.1975 mm, 79.9100 mm): PTH pad 2 [Net-(D20-A)] of D20
    @(116.1175 mm, 83.5300 mm): Footprint SW20
[npth_inside_courtyard]: NPTH inside courtyard
    Local override; error
    @(121.1975 mm, 83.5300 mm): NPTH pad of SW20
    @(121.1975 mm, 87.5300 mm): Footprint D20
[pth_inside_courtyard]: PTH inside courtyard
    Local override; error
    @(102.1475 mm, 87.5300 mm): PTH pad 1 [/ROW1] of D19
    @(97.0675 mm, 83.5300 mm): Footprint SW19
[pth_inside_courtyard]: PTH inside courtyard
    Local override; error
    @(102.1475 mm, 79.9100 mm): PTH pad 2 [Net-(D19-A)] of D19
    @(97.0675 mm, 83.5300 mm): Footprint SW19
[npth_inside_courtyard]: NPTH inside courtyard
    Local override; error
    @(102.1475 mm, 83.5300 mm): NPTH pad of SW19
    @(102.1475 mm, 87.5300 mm): Footprint D19
[npth_inside_courtyard]: NPTH inside courtyard
    Local override; error
    @(359.3225 mm, 64.4800 mm): NPTH pad of SW16
    @(359.3225 mm, 68.4800 mm): Footprint D16
[pth_inside_courtyard]: PTH inside courtyard
    Local override; error
    @(359.3225 mm, 68.4800 mm): PTH pad 1 [/ROW0] of D16
    @(354.2425 mm, 64.4800 mm): Footprint SW16
[pth_inside_courtyard]: PTH inside courtyard
    Local override; error
    @(359.3225 mm, 60.8600 mm): PTH pad 2 [Net-(D16-A)] of D16
    @(354.2425 mm, 64.4800 mm): Footprint SW16
[npth_inside_courtyard]: NPTH inside courtyard
    Local override; error
    @(154.5350 mm, 121.6300 mm): NPTH pad of SW52
    @(154.5350 mm, 125.6300 mm): Footprint D52
[pth_inside_courtyard]: PTH inside courtyard
    Local override; error
    @(154.5350 mm, 125.6300 mm): PTH pad 1 [/ROW3] of D52
    @(149.4550 mm, 121.6300 mm): Footprint SW52
[pth_inside_courtyard]: PTH inside courtyard
    Local override; error
    @(154.5350 mm, 118.0100 mm): PTH pad 2 [Net-(D52-A)] of D52
    @(149.4550 mm, 121.6300 mm): Footprint SW52
[npth_inside_courtyard]: NPTH inside courtyard
    Local override; error
    @(187.8725 mm, 64.4800 mm): NPTH pad of SW8
    @(187.8725 mm, 68.4800 mm): Footprint D8
[pth_inside_courtyard]: PTH inside courtyard
    Local override; error
    @(187.8725 mm, 68.4800 mm): PTH pad 1 [/ROW0] of D8
    @(182.7925 mm, 64.4800 mm): Footprint SW8
[pth_inside_courtyard]: PTH inside courtyard
    Local override; error
    @(187.8725 mm, 60.8600 mm): PTH pad 2 [Net-(D8-A)] of D8
    @(182.7925 mm, 64.4800 mm): Footprint SW8
[pth_inside_courtyard]: PTH inside courtyard
    Local override; error
    @(202.1600 mm, 106.5800 mm): PTH pad 1 [/ROW2] of D40
    @(197.0800 mm, 102.5800 mm): Footprint SW40
[pth_inside_courtyard]: PTH inside courtyard
    Local override; error
    @(202.1600 mm, 98.9600 mm): PTH pad 2 [Net-(D40-A)] of D40
    @(197.0800 mm, 102.5800 mm): Footprint SW40
[npth_inside_courtyard]: NPTH inside courtyard
    Local override; error
    @(202.1600 mm, 102.5800 mm): NPTH pad of SW40
    @(202.1600 mm, 106.5800 mm): Footprint D40
[npth_inside_courtyard]: NPTH inside courtyard
    Local override; error
    @(78.3350 mm, 83.5300 mm): NPTH pad of SW18
    @(78.3350 mm, 87.5300 mm): Footprint D18
[pth_inside_courtyard]: PTH inside courtyard
    Local override; error
    @(78.3350 mm, 87.5300 mm): PTH pad 1 [/ROW1] of D18
    @(73.2550 mm, 83.5300 mm): Footprint SW18
[pth_inside_courtyard]: PTH inside courtyard
    Local override; error
    @(78.3350 mm, 79.9100 mm): PTH pad 2 [Net-(D18-A)] of D18
    @(73.2550 mm, 83.5300 mm): Footprint SW18
[npth_inside_courtyard]: NPTH inside courtyard
    Local override; error
    @(183.1100 mm, 102.5800 mm): NPTH pad of SW39
    @(183.1100 mm, 106.5800 mm): Footprint D39
[pth_inside_courtyard]: PTH inside courtyard
    Local override; error
    @(183.1100 mm, 106.5800 mm): PTH pad 1 [/ROW2] of D39
    @(178.0300 mm, 102.5800 mm): Footprint SW39
[pth_inside_courtyard]: PTH inside courtyard
    Local override; error
    @(183.1100 mm, 98.9600 mm): PTH pad 2 [Net-(D39-A)] of D39
    @(178.0300 mm, 102.5800 mm): Footprint SW39
[pth_inside_courtyard]: PTH inside courtyard
    Local override; error
    @(75.9537 mm, 144.6800 mm): PTH pad 1 [/ROW4] of D64
    @(70.8738 mm, 140.6800 mm): Footprint SW64
[pth_inside_courtyard]: PTH inside courtyard
    Local override; error
    @(75.9537 mm, 137.0600 mm): PTH pad 2 [Net-(D64-A)] of D64
    @(70.8738 mm, 140.6800 mm): Footprint SW64
[npth_inside_courtyard]: NPTH inside courtyard
    Local override; error
    @(75.9537 mm, 140.6800 mm): NPTH pad of SW64
    @(75.9537 mm, 144.6800 mm): Footprint D64
[npth_inside_courtyard]: NPTH inside courtyard
    Local override; error
    @(359.3225 mm, 83.5300 mm): NPTH pad of SW32
    @(359.3225 mm, 87.5300 mm): Footprint D32
[pth_inside_courtyard]: PTH inside courtyard
    Local override; error
    @(359.3225 mm, 87.5300 mm): PTH pad 1 [/ROW1] of D32
    @(354.2425 mm, 83.5300 mm): Footprint SW32
[pth_inside_courtyard]: PTH inside courtyard
    Local override; error
    @(359.3225 mm, 79.9100 mm): PTH pad 2 [Net-(D32-A)] of D32
    @(354.2425 mm, 83.5300 mm): Footprint SW32
[pth_inside_courtyard]: PTH inside courtyard
    Local override; error
    @(245.0225 mm, 68.4800 mm): PTH pad 1 [/ROW0] of D11
    @(239.9425 mm, 64.4800 mm): Footprint SW11
[pth_inside_courtyard]: PTH inside courtyard
    Local override; error
    @(245.0225 mm, 60.8600 mm): PTH pad 2 [Net-(D11-A)] of D11
    @(239.9425 mm, 64.4800 mm): Footprint SW11
[npth_inside_courtyard]: NPTH inside courtyard
    Local override; error
    @(245.0225 mm, 64.4800 mm): NPTH pad of SW11
    @(245.0225 mm, 68.4800 mm): Footprint D11
[npth_inside_courtyard]: NPTH inside courtyard
    Local override; error
    @(302.1725 mm, 64.4800 mm): NPTH pad of SW14
    @(302.1725 mm, 68.4800 mm): Footprint D14
[pth_inside_courtyard]: PTH inside courtyard
    Local override; error
    @(302.1725 mm, 68.4800 mm): PTH pad 1 [/ROW0] of D14
    @(297.0925 mm, 64.4800 mm): Footprint SW14
[pth_inside_courtyard]: PTH inside courtyard
    Local override; error
    @(302.1725 mm, 60.8600 mm): PTH pad 2 [Net-(D14-A)] of D14
    @(297.0925 mm, 64.4800 mm): Footprint SW14
[pth_inside_courtyard]: PTH inside courtyard
    Local override; error
    @(328.3662 mm, 106.5800 mm): PTH pad 1 [/ROW2] of D46
    @(323.2862 mm, 102.5800 mm): Footprint SW46
[pth_inside_courtyard]: PTH inside courtyard
    Local override; error
    @(328.3662 mm, 98.9600 mm): PTH pad 2 [Net-(D46-A)] of D46
    @(323.2862 mm, 102.5800 mm): Footprint SW46
[npth_inside_courtyard]: NPTH inside courtyard
    Local override; error
    @(328.3662 mm, 102.5800 mm): NPTH pad of SW46
    @(328.3662 mm, 106.5800 mm): Footprint D46
[npth_inside_courtyard]: NPTH inside courtyard
    Local override; error
    @(225.9725 mm, 64.4800 mm): NPTH pad of SW10
    @(225.9725 mm, 68.4800 mm): Footprint D10
[pth_inside_courtyard]: PTH inside courtyard
    Local override; error
    @(225.9725 mm, 68.4800 mm): PTH pad 1 [/ROW0] of D10
    @(220.8925 mm, 64.4800 mm): Footprint SW10
[pth_inside_courtyard]: PTH inside courtyard
    Local override; error
    @(225.9725 mm, 60.8600 mm): PTH pad 2 [Net-(D10-A)] of D10
    @(220.8925 mm, 64.4800 mm): Footprint SW10
[pth_inside_courtyard]: PTH inside courtyard
    Local override; error
    @(49.7600 mm, 87.5300 mm): PTH pad 1 [/ROW1] of D17
    @(44.6800 mm, 83.5300 mm): Footprint SW17
[pth_inside_courtyard]: PTH inside courtyard
    Local override; error
    @(49.7600 mm, 79.9100 mm): PTH pad 2 [Net-(D17-A)] of D17
    @(44.6800 mm, 83.5300 mm): Footprint SW17
[npth_inside_courtyard]: NPTH inside courtyard
    Local override; error
    @(49.7600 mm, 83.5300 mm): NPTH pad of SW17
    @(49.7600 mm, 87.5300 mm): Footprint D17
[pth_inside_courtyard]: PTH inside courtyard
    Local override; error
    @(287.8850 mm, 125.6300 mm): PTH pad 1 [/ROW3] of D59
    @(282.8050 mm, 121.6300 mm): Footprint SW59
[pth_inside_courtyard]: PTH inside courtyard
    Local override; error
    @(287.8850 mm, 118.0100 mm): PTH pad 2 [Net-(D59-A)] of D59
    @(282.8050 mm, 121.6300 mm): Footprint SW59
[npth_inside_courtyard]: NPTH inside courtyard
    Local override; error
    @(287.8850 mm, 121.6300 mm): NPTH pad of SW59
    @(287.8850 mm, 125.6300 mm): Footprint D59
[pth_inside_courtyard]: PTH inside courtyard
    Local override; error
    @(168.8225 mm, 68.4800 mm): PTH pad 1 [/ROW0] of D7
    @(163.7425 mm, 64.4800 mm): Footprint SW7
[pth_inside_courtyard]: PTH inside courtyard
    Local override; error
    @(168.8225 mm, 60.8600 mm): PTH pad 2 [Net-(D7-A)] of D7
    @(163.7425 mm, 64.4800 mm): Footprint SW7
[npth_inside_courtyard]: NPTH inside courtyard
    Local override; error
    @(168.8225 mm, 64.4800 mm): NPTH pad of SW7
    @(168.8225 mm, 68.4800 mm): Footprint D7
[pth_inside_courtyard]: PTH inside courtyard
    Local override; error
    @(359.3225 mm, 144.6800 mm): PTH pad 1 [/ROW4] of D73
    @(354.2425 mm, 140.6800 mm): Footprint SW73
[pth_inside_courtyard]: PTH inside courtyard
    Local override; error
    @(359.3225 mm, 137.0600 mm): PTH pad 2 [Net-(D73-A)] of D73
    @(354.2425 mm, 140.6800 mm): Footprint SW73
[npth_inside_courtyard]: NPTH inside courtyard
    Local override; error
    @(359.3225 mm, 140.6800 mm): NPTH pad of SW73
    @(359.3225 mm, 144.6800 mm): Footprint D73
[npth_inside_courtyard]: NPTH inside courtyard
    Local override; error
    @(340.2725 mm, 121.6300 mm): NPTH pad of SW61
    @(340.2725 mm, 125.6300 mm): Footprint D61
[pth_inside_courtyard]: PTH inside courtyard
    Local override; error
    @(340.2725 mm, 125.6300 mm): PTH pad 1 [/ROW3] of D61
    @(335.1925 mm, 121.6300 mm): Footprint SW61
[pth_inside_courtyard]: PTH inside courtyard
    Local override; error
    @(340.2725 mm, 118.0100 mm): PTH pad 2 [Net-(D61-A)] of D61
    @(335.1925 mm, 121.6300 mm): Footprint SW61
[pth_inside_courtyard]: PTH inside courtyard
    Local override; error
    @(297.4100 mm, 106.5800 mm): PTH pad 1 [/ROW2] of D45
    @(292.3300 mm, 102.5800 mm): Footprint SW45
[pth_inside_courtyard]: PTH inside courtyard
    Local override; error
    @(297.4100 mm, 98.9600 mm): PTH pad 2 [Net-(D45-A)] of D45
    @(292.3300 mm, 102.5800 mm): Footprint SW45
[npth_inside_courtyard]: NPTH inside courtyard
    Local override; error
    @(297.4100 mm, 102.5800 mm): NPTH pad of SW45
    @(297.4100 mm, 106.5800 mm): Footprint D45
[pth_inside_courtyard]: PTH inside courtyard
    Local override; error
    @(195.0163 mm, 144.6800 mm): PTH pad 1 [/ROW4] of D67
    @(189.9363 mm, 140.6800 mm): Footprint SW67
[pth_inside_courtyard]: PTH inside courtyard
    Local override; error
    @(195.0163 mm, 137.0600 mm): PTH pad 2 [Net-(D67-A)] of D67
    @(189.9363 mm, 140.6800 mm): Footprint SW67
[npth_inside_courtyard]: NPTH inside courtyard
    Local override; error
    @(195.0163 mm, 140.6800 mm): NPTH pad of SW67
    @(195.0163 mm, 144.6800 mm): Footprint D67
[pth_inside_courtyard]: PTH inside courtyard
    Local override; error
    @(302.1725 mm, 144.6800 mm): PTH pad 1 [/ROW4] of D70
    @(297.0925 mm, 140.6800 mm): Footprint SW70
[pth_inside_courtyard]: PTH inside courtyard
    Local override; error
    @(302.1725 mm, 137.0600 mm): PTH pad 2 [Net-(D70-A)] of D70
    @(297.0925 mm, 140.6800 mm): Footprint SW70
[npth_inside_courtyard]: NPTH inside courtyard
    Local override; error
    @(302.1725 mm, 140.6800 mm): NPTH pad of SW70
    @(302.1725 mm, 144.6800 mm): Footprint D70
[npth_inside_courtyard]: NPTH inside courtyard
    Local override; error
    @(164.0600 mm, 102.5800 mm): NPTH pad of SW38
    @(164.0600 mm, 106.5800 mm): Footprint D38
[pth_inside_courtyard]: PTH inside courtyard
    Local override; error
    @(164.0600 mm, 106.5800 mm): PTH pad 1 [/ROW2] of D38
    @(158.9800 mm, 102.5800 mm): Footprint SW38
[pth_inside_courtyard]: PTH inside courtyard
    Local override; error
    @(164.0600 mm, 98.9600 mm): PTH pad 2 [Net-(D38-A)] of D38
    @(158.9800 mm, 102.5800 mm): Footprint SW38
[track_dangling]: Track has unconnected end
    Local override; warning
    @(367.9400 mm, 33.7100 mm): Track [/ROW1] on B.Cu, length 1.5556 mm
[track_dangling]: Track has unconnected end
    Local override; warning
    @(370.1400 mm, 33.7100 mm): Track [/ROW1] on B.Cu, length 1.5556 mm
[track_dangling]: Track has unconnected end
    Local override; warning
    @(289.5000 mm, 121.0000 mm): Track [<no net>] on F.Cu, length 0.7071 mm
[track_dangling]: Track has unconnected end
    Local override; warning
    @(290.0000 mm, 121.5000 mm): Track [<no net>] on F.Cu, length 0.5000 mm
[track_dangling]: Track has unconnected end
    Local override; warning
    @(50.0000 mm, 124.5300 mm): Track [<no net>] on B.Cu, length 0.2400 mm
[track_dangling]: Track has unconnected end
    Local override; warning
    @(50.0000 mm, 124.0000 mm): Track [<no net>] on B.Cu, length 0.5300 mm
[track_dangling]: Track has unconnected end
    Local override; warning
    @(193.3700 mm, 125.6300 mm): Track [/ROW3] on B.Cu, length 0.8910 mm
[silk_edge_clearance]: Silkscreen clipped by board edge
    Rule: board setup constraints silk; warning
    @(25.0000 mm, 17.5000 mm): Rectangle on Edge.Cuts
    @(369.0000 mm, 17.8500 mm): Reference field of H6
[silk_edge_clearance]: Silkscreen clipped by board edge
    Rule: board setup constraints silk; warning
    @(25.0000 mm, 17.5000 mm): Rectangle on Edge.Cuts
    @(373.7775 mm, 34.1000 mm): Segment of A1 on F.Silkscreen
[silk_edge_clearance]: Silkscreen clipped by board edge
    Rule: board setup constraints silk; warning
    @(25.0000 mm, 17.5000 mm): Rectangle on Edge.Cuts
    @(373.7775 mm, 41.9000 mm): Segment of A1 on F.Silkscreen

** Found 11 unconnected pads **
[unconnected_items]: Missing connection between items
    Local override; error
    @(305.1888 mm, 119.0900 mm): Track [/COL12] on F.Cu, length 6.9660 mm
    @(311.5387 mm, 116.5500 mm): PTH pad 2 [/COL12] of SW60
[unconnected_items]: Missing connection between items
    Local override; error
    @(213.9075 mm, 78.4500 mm): PTH pad 2 [Net-(D25-A)] of SW25
    @(216.4475 mm, 79.9100 mm): PTH pad 2 [Net-(D25-A)] of D25
[unconnected_items]: Missing connection between items
    Local override; error
    @(328.6375 mm, 46.8900 mm): PTH pad 23 [/gnd] of A1
    @(341.3375 mm, 46.8900 mm): PTH pad 28 [/gnd] of A1
[unconnected_items]: Missing connection between items
    Local override; error
    @(328.6375 mm, 46.8900 mm): PTH pad 23 [/gnd] of A1
    @(327.5275 mm, 28.0000 mm): Track [/gnd] on B.Cu, length 1.5698 mm
[unconnected_items]: Missing connection between items
    Local override; error
    @(341.3375 mm, 29.1100 mm): PTH pad 13 [/gnd] of A1
    @(327.5275 mm, 28.0000 mm): Track [/gnd] on B.Cu, length 1.5698 mm
[unconnected_items]: Missing connection between items
    Local override; error
    @(341.3375 mm, 29.1100 mm): PTH pad 13 [/gnd] of A1
    @(354.0375 mm, 29.1100 mm): PTH pad 8 [/gnd] of A1
[unconnected_items]: Missing connection between items
    Local override; error
    @(366.7375 mm, 29.1100 mm): PTH pad 3 [/gnd] of A1
    @(354.0375 mm, 29.1100 mm): PTH pad 8 [/gnd] of A1
[unconnected_items]: Missing connection between items
    Local override; error
    @(366.7375 mm, 46.8900 mm): PTH pad 38 [/gnd] of A1
    @(366.7375 mm, 29.1100 mm): PTH pad 3 [/gnd] of A1
[unconnected_items]: Missing connection between items
    Local override; error
    @(194.8575 mm, 78.4500 mm): PTH pad 2 [Net-(D24-A)] of SW24
    @(197.3975 mm, 79.9100 mm): PTH pad 2 [Net-(D24-A)] of D24
[unconnected_items]: Missing connection between items
    Local override; error
    @(311.5387 mm, 116.5500 mm): Track [Net-(D60-A)] on F.Cu, length 1.0800 mm
    @(305.1888 mm, 119.0900 mm): PTH pad 1 [Net-(D60-A)] of SW60
[unconnected_items]: Missing connection between items
    Local override; error
    @(367.9400 mm, 33.7100 mm): Track [/ROW1] on B.Cu, length 1.5556 mm
    @(362.7575 mm, 30.2100 mm): Track [/ROW1] on B.Cu, length 1.5556 mm

** Found 0 Footprint errors **

** Ignored checks **
    - Footprint has no courtyard defined
    - Track endpoint not centered on via
    - Tuning profile track geometries
    - Footprint doesn't match symbol's footprint filters
    - Footprint component type doesn't match footprint pads

** End of Report **
